error: closure must specify return type
  --> $DIR/closures_fail-2.rs:11:13
   |
11 |       let f = closure!(
   |  _____________^
11 | |         #[requires(i >= 0)]
12 | |         #[ensures(result == i + 1)]
13 | |         |i: i32| i + 1
14 | |     );
   | |_____^
   |
   = note: this error originates in the macro `closure` (in Nightly builds, run with -Z macro-backtrace for more info)

error: aborting due to previous error

