    Checking prusti-contracts v0.1.0 ([..])
    Checking failing_crate v0.1.0 ([..])
SLF4J: Class path contains multiple SLF4J bindings.
SLF4J: Found binding in [jar:file:[..]]
SLF4J: Found binding in [jar:file:[..]]
SLF4J: See http://www.slf4j.org/codes.html#multiple_bindings for an explanation.
SLF4J: Actual binding is of type [ch.qos.logback.classic.util.ContextSelectorStaticBinder]
error: [Prusti: verification error] precondition might not hold.
 --> src/main.rs:6:5
  |
6 |     requires_large_number(10);
  |     ^^^^^^^^^^^^^^^^^^^^^^^^^
  |
note: the failing assertion is here
 --> src/utils.rs:3:12
  |
3 | #[requires(x > 999)]
  |            ^^^^^^^

error: aborting due to previous error

error: could not compile `failing_crate`

To learn more, run the command again with --verbose.
